# M10 Signaling-Spike Log (#380)
# Peer: B
# Start: 2026-08-28T16:12:00.298
# UserAgent: Mozilla/5.0 (Windows NT 10.0; Win64; x64) AppleWebKit/537.36 (KHTML, like Gecko) Chrome/151.0.0.0 Safari/537.36 Edg/151.0.0.0

=================================================================
RUN: adapter=trystero-nostr peer=B roomIdPrefix="spike" runs=10
     appId="wbx-m10-signaling-spike"
=================================================================


--- attempt 1/10 — roomId="spike-attempt-1" ---
2026-08-28T16:12:13.615 +28ms joinRoom({appId="wbx-m10-signaling-spike"}, roomId="spike-attempt-1") — calling…
2026-08-28T16:12:13.637 +50ms joinRoom returned — waiting for peer to appear on any relay…
2026-08-28T16:12:13.639 +51ms [trystero-nostr] === CONNECTION STRING ===
2026-08-28T16:12:13.639 +52ms [trystero-nostr]   appId       = "wbx-m10-signaling-spike"
2026-08-28T16:12:13.640 +53ms [trystero-nostr]   roomId      = "spike-attempt-1"
2026-08-28T16:12:13.641 +53ms [trystero-nostr]   topic (sha1) = 1ebf832f769cd49997458ccc81b72bb15e5d3ad4   <- BEIDE Seiten müssen denselben Topic haben
2026-08-28T16:12:13.641 +54ms [trystero-nostr]   selfId      = BUEvtxTaIobeAcA4DWJg
2026-08-28T16:12:13.641 +54ms [trystero-nostr] defaultRelayUrls (47): wss://basspistol.org, wss://bucket.coracle.social, wss://chorus.almostmachines.dev, wss://chorus.pjv.me, wss://communities.nos.social, wss://ftp.halifax.rwth-aachen.de/nostr, wss://hol.is, wss://hornetstorage.net/relay, wss://koru.bitcointxoko.org, wss://nos.lol, wss://nostr-01.uid.ovh, wss://nostr-01.yakihonne.com, wss://nostr-relay.corb.net, wss://nostr.data.haus, wss://nostr.islandarea.net, wss://nostr.sathoarder.com, wss://nostr.self-determined.de, wss://nostr.tegila.com.br, wss://nostr.vulpem.com, wss://purplerelay.com, wss://relay-can.zombi.cloudrodion.com, wss://relay-rpi.edufeed.org, wss://relay.agorist.space, wss://relay.angor.io, wss://relay.artio.inf.unibe.ch, wss://relay.binaryrobot.com, wss://relay.damus.io, wss://relay.froth.zone, wss://relay.libernet.app, wss://relay.mostr.pub, wss://relay.mostro.network, wss://relay.nostr.place, wss://relay.nostrdice.com, wss://relay.notoshi.win, wss://relay.sigit.io, wss://relay02.lnfi.network, wss://relay2.angor.io, wss://schnorr.me, wss://slick.mjex.me, wss://social.amanah.eblessing.co, wss://staging.yabu.me, wss://strfry.openhoofd.nl, wss://strfry.shock.network, wss://testnet-relay.samt.st, wss://top.testrelay.top, wss://x.kojira.io, wss://yabu.me/v2
2026-08-28T16:12:15.642 +2055ms relay sockets @2000ms — 3/5 OPEN:
  OPEN       wss://social.amanah.eblessing.co
  OPEN       wss://relay-rpi.edufeed.org
  OPEN       wss://nostr.vulpem.com
  CONNECTING wss://hol.is
  CLOSED     wss://relay2.angor.io
2026-08-28T16:12:18.640 +5052ms relay sockets @5000ms — 3/5 OPEN:
  OPEN       wss://social.amanah.eblessing.co
  OPEN       wss://relay-rpi.edufeed.org
  OPEN       wss://nostr.vulpem.com
  CONNECTING wss://hol.is
  CLOSED     wss://relay2.angor.io
2026-08-28T16:12:21.640 +8053ms relay sockets @8000ms — 3/5 OPEN:
  OPEN       wss://social.amanah.eblessing.co
  OPEN       wss://relay-rpi.edufeed.org
  OPEN       wss://nostr.vulpem.com
  CONNECTING wss://hol.is
  CONNECTING wss://relay2.angor.io
--- result: FAIL ttc=nullms rtt=nullms reason=no-peer-joined ---

--- attempt 2/10 — roomId="spike-attempt-2" ---
2026-08-28T16:12:24.234 +0ms joinRoom({appId="wbx-m10-signaling-spike"}, roomId="spike-attempt-2") — calling…
2026-08-28T16:12:24.252 +19ms joinRoom returned — waiting for peer to appear on any relay…
2026-08-28T16:12:24.254 +20ms [trystero-nostr] === CONNECTION STRING ===
2026-08-28T16:12:24.254 +20ms [trystero-nostr]   appId       = "wbx-m10-signaling-spike"
2026-08-28T16:12:24.254 +21ms [trystero-nostr]   roomId      = "spike-attempt-2"
2026-08-28T16:12:24.255 +21ms [trystero-nostr]   topic (sha1) = 8c2383d09a6c51670dabd979838a71209df3a8bd   <- BEIDE Seiten müssen denselben Topic haben
2026-08-28T16:12:24.255 +21ms [trystero-nostr]   selfId      = BUEvtxTaIobeAcA4DWJg
2026-08-28T16:12:24.255 +22ms [trystero-nostr] defaultRelayUrls (47): wss://basspistol.org, wss://bucket.coracle.social, wss://chorus.almostmachines.dev, wss://chorus.pjv.me, wss://communities.nos.social, wss://ftp.halifax.rwth-aachen.de/nostr, wss://hol.is, wss://hornetstorage.net/relay, wss://koru.bitcointxoko.org, wss://nos.lol, wss://nostr-01.uid.ovh, wss://nostr-01.yakihonne.com, wss://nostr-relay.corb.net, wss://nostr.data.haus, wss://nostr.islandarea.net, wss://nostr.sathoarder.com, wss://nostr.self-determined.de, wss://nostr.tegila.com.br, wss://nostr.vulpem.com, wss://purplerelay.com, wss://relay-can.zombi.cloudrodion.com, wss://relay-rpi.edufeed.org, wss://relay.agorist.space, wss://relay.angor.io, wss://relay.artio.inf.unibe.ch, wss://relay.binaryrobot.com, wss://relay.damus.io, wss://relay.froth.zone, wss://relay.libernet.app, wss://relay.mostr.pub, wss://relay.mostro.network, wss://relay.nostr.place, wss://relay.nostrdice.com, wss://relay.notoshi.win, wss://relay.sigit.io, wss://relay02.lnfi.network, wss://relay2.angor.io, wss://schnorr.me, wss://slick.mjex.me, wss://social.amanah.eblessing.co, wss://staging.yabu.me, wss://strfry.openhoofd.nl, wss://strfry.shock.network, wss://testnet-relay.samt.st, wss://top.testrelay.top, wss://x.kojira.io, wss://yabu.me/v2
2026-08-28T16:12:26.256 +2022ms relay sockets @2000ms — 3/5 OPEN:
  OPEN       wss://social.amanah.eblessing.co
  OPEN       wss://relay-rpi.edufeed.org
  OPEN       wss://nostr.vulpem.com
  CONNECTING wss://hol.is
  CLOSED     wss://relay2.angor.io
2026-08-28T16:12:29.258 +5024ms relay sockets @5000ms — 3/5 OPEN:
  OPEN       wss://social.amanah.eblessing.co
  OPEN       wss://relay-rpi.edufeed.org
  OPEN       wss://nostr.vulpem.com
  CONNECTING wss://hol.is
  CLOSED     wss://relay2.angor.io
2026-08-28T16:12:32.266 +8032ms relay sockets @8000ms — 3/5 OPEN:
  OPEN       wss://social.amanah.eblessing.co
  OPEN       wss://relay-rpi.edufeed.org
  OPEN       wss://nostr.vulpem.com
  CONNECTING wss://hol.is
  CLOSED     wss://relay2.angor.io
--- result: FAIL ttc=nullms rtt=nullms reason=no-peer-joined ---

--- attempt 3/10 — roomId="spike-attempt-3" ---
2026-08-28T16:12:34.863 +0ms joinRoom({appId="wbx-m10-signaling-spike"}, roomId="spike-attempt-3") — calling…
2026-08-28T16:12:34.884 +21ms joinRoom returned — waiting for peer to appear on any relay…
2026-08-28T16:12:34.884 +22ms [trystero-nostr] === CONNECTION STRING ===
2026-08-28T16:12:34.885 +22ms [trystero-nostr]   appId       = "wbx-m10-signaling-spike"
2026-08-28T16:12:34.886 +23ms [trystero-nostr]   topic (sha1) = df2533a5d7a2db39e1a58254bf96e3440110d870   <- BEIDE Seiten müssen denselben Topic haben
2026-08-28T16:12:34.885 +23ms [trystero-nostr]   roomId      = "spike-attempt-3"
2026-08-28T16:12:34.886 +24ms [trystero-nostr]   selfId      = BUEvtxTaIobeAcA4DWJg
2026-08-28T16:12:34.887 +24ms [trystero-nostr] defaultRelayUrls (47): wss://basspistol.org, wss://bucket.coracle.social, wss://chorus.almostmachines.dev, wss://chorus.pjv.me, wss://communities.nos.social, wss://ftp.halifax.rwth-aachen.de/nostr, wss://hol.is, wss://hornetstorage.net/relay, wss://koru.bitcointxoko.org, wss://nos.lol, wss://nostr-01.uid.ovh, wss://nostr-01.yakihonne.com, wss://nostr-relay.corb.net, wss://nostr.data.haus, wss://nostr.islandarea.net, wss://nostr.sathoarder.com, wss://nostr.self-determined.de, wss://nostr.tegila.com.br, wss://nostr.vulpem.com, wss://purplerelay.com, wss://relay-can.zombi.cloudrodion.com, wss://relay-rpi.edufeed.org, wss://relay.agorist.space, wss://relay.angor.io, wss://relay.artio.inf.unibe.ch, wss://relay.binaryrobot.com, wss://relay.damus.io, wss://relay.froth.zone, wss://relay.libernet.app, wss://relay.mostr.pub, wss://relay.mostro.network, wss://relay.nostr.place, wss://relay.nostrdice.com, wss://relay.notoshi.win, wss://relay.sigit.io, wss://relay02.lnfi.network, wss://relay2.angor.io, wss://schnorr.me, wss://slick.mjex.me, wss://social.amanah.eblessing.co, wss://staging.yabu.me, wss://strfry.openhoofd.nl, wss://strfry.shock.network, wss://testnet-relay.samt.st, wss://top.testrelay.top, wss://x.kojira.io, wss://yabu.me/v2
2026-08-28T16:12:36.891 +2028ms relay sockets @2000ms — 3/5 OPEN:
  OPEN       wss://social.amanah.eblessing.co
  OPEN       wss://relay-rpi.edufeed.org
  OPEN       wss://nostr.vulpem.com
  CONNECTING wss://hol.is
  CLOSED     wss://relay2.angor.io
2026-08-28T16:12:39.898 +5035ms relay sockets @5000ms — 3/5 OPEN:
  OPEN       wss://social.amanah.eblessing.co
  OPEN       wss://relay-rpi.edufeed.org
  OPEN       wss://nostr.vulpem.com
  CONNECTING wss://hol.is
  CLOSED     wss://relay2.angor.io
2026-08-28T16:12:42.894 +8031ms relay sockets @8000ms — 3/5 OPEN:
  OPEN       wss://social.amanah.eblessing.co
  OPEN       wss://relay-rpi.edufeed.org
  OPEN       wss://nostr.vulpem.com
  CONNECTING wss://hol.is
  CLOSED     wss://relay2.angor.io
--- result: FAIL ttc=nullms rtt=nullms reason=no-peer-joined ---

--- attempt 4/10 — roomId="spike-attempt-4" ---
2026-08-28T16:12:45.500 +0ms joinRoom({appId="wbx-m10-signaling-spike"}, roomId="spike-attempt-4") — calling…
2026-08-28T16:12:45.516 +16ms joinRoom returned — waiting for peer to appear on any relay…
2026-08-28T16:12:45.518 +18ms [trystero-nostr]   roomId      = "spike-attempt-4"
2026-08-28T16:12:45.517 +17ms [trystero-nostr] === CONNECTION STRING ===
2026-08-28T16:12:45.517 +18ms [trystero-nostr]   appId       = "wbx-m10-signaling-spike"
2026-08-28T16:12:45.518 +18ms [trystero-nostr]   topic (sha1) = 313bcf02ce9b64c686f2431eb8fc17679e7769a6   <- BEIDE Seiten müssen denselben Topic haben
2026-08-28T16:12:45.518 +18ms [trystero-nostr]   selfId      = BUEvtxTaIobeAcA4DWJg
2026-08-28T16:12:45.518 +18ms [trystero-nostr] defaultRelayUrls (47): wss://basspistol.org, wss://bucket.coracle.social, wss://chorus.almostmachines.dev, wss://chorus.pjv.me, wss://communities.nos.social, wss://ftp.halifax.rwth-aachen.de/nostr, wss://hol.is, wss://hornetstorage.net/relay, wss://koru.bitcointxoko.org, wss://nos.lol, wss://nostr-01.uid.ovh, wss://nostr-01.yakihonne.com, wss://nostr-relay.corb.net, wss://nostr.data.haus, wss://nostr.islandarea.net, wss://nostr.sathoarder.com, wss://nostr.self-determined.de, wss://nostr.tegila.com.br, wss://nostr.vulpem.com, wss://purplerelay.com, wss://relay-can.zombi.cloudrodion.com, wss://relay-rpi.edufeed.org, wss://relay.agorist.space, wss://relay.angor.io, wss://relay.artio.inf.unibe.ch, wss://relay.binaryrobot.com, wss://relay.damus.io, wss://relay.froth.zone, wss://relay.libernet.app, wss://relay.mostr.pub, wss://relay.mostro.network, wss://relay.nostr.place, wss://relay.nostrdice.com, wss://relay.notoshi.win, wss://relay.sigit.io, wss://relay02.lnfi.network, wss://relay2.angor.io, wss://schnorr.me, wss://slick.mjex.me, wss://social.amanah.eblessing.co, wss://staging.yabu.me, wss://strfry.openhoofd.nl, wss://strfry.shock.network, wss://testnet-relay.samt.st, wss://top.testrelay.top, wss://x.kojira.io, wss://yabu.me/v2
2026-08-28T16:12:47.527 +2027ms relay sockets @2000ms — 3/5 OPEN:
  OPEN       wss://social.amanah.eblessing.co
  OPEN       wss://relay-rpi.edufeed.org
  OPEN       wss://nostr.vulpem.com
  CONNECTING wss://hol.is
  CLOSED     wss://relay2.angor.io
2026-08-28T16:12:50.525 +5025ms relay sockets @5000ms — 3/5 OPEN:
  OPEN       wss://social.amanah.eblessing.co
  OPEN       wss://relay-rpi.edufeed.org
  OPEN       wss://nostr.vulpem.com
  CONNECTING wss://hol.is
  CLOSED     wss://relay2.angor.io
2026-08-28T16:12:53.529 +8029ms relay sockets @8000ms — 3/5 OPEN:
  OPEN       wss://social.amanah.eblessing.co
  OPEN       wss://relay-rpi.edufeed.org
  OPEN       wss://nostr.vulpem.com
  CONNECTING wss://hol.is
  CLOSED     wss://relay2.angor.io
--- result: FAIL ttc=nullms rtt=nullms reason=no-peer-joined ---

--- attempt 5/10 — roomId="spike-attempt-5" ---
2026-08-28T16:12:56.142 +0ms joinRoom({appId="wbx-m10-signaling-spike"}, roomId="spike-attempt-5") — calling…
2026-08-28T16:12:56.158 +16ms joinRoom returned — waiting for peer to appear on any relay…
2026-08-28T16:12:56.159 +17ms [trystero-nostr] === CONNECTION STRING ===
2026-08-28T16:12:56.159 +18ms [trystero-nostr]   appId       = "wbx-m10-signaling-spike"
2026-08-28T16:12:56.160 +19ms [trystero-nostr]   topic (sha1) = bc370236a51320e444c2c89613ad7b38fa5737fb   <- BEIDE Seiten müssen denselben Topic haben
2026-08-28T16:12:56.161 +19ms [trystero-nostr]   selfId      = BUEvtxTaIobeAcA4DWJg
2026-08-28T16:12:56.160 +18ms [trystero-nostr]   roomId      = "spike-attempt-5"
2026-08-28T16:12:56.161 +19ms [trystero-nostr] defaultRelayUrls (47): wss://basspistol.org, wss://bucket.coracle.social, wss://chorus.almostmachines.dev, wss://chorus.pjv.me, wss://communities.nos.social, wss://ftp.halifax.rwth-aachen.de/nostr, wss://hol.is, wss://hornetstorage.net/relay, wss://koru.bitcointxoko.org, wss://nos.lol, wss://nostr-01.uid.ovh, wss://nostr-01.yakihonne.com, wss://nostr-relay.corb.net, wss://nostr.data.haus, wss://nostr.islandarea.net, wss://nostr.sathoarder.com, wss://nostr.self-determined.de, wss://nostr.tegila.com.br, wss://nostr.vulpem.com, wss://purplerelay.com, wss://relay-can.zombi.cloudrodion.com, wss://relay-rpi.edufeed.org, wss://relay.agorist.space, wss://relay.angor.io, wss://relay.artio.inf.unibe.ch, wss://relay.binaryrobot.com, wss://relay.damus.io, wss://relay.froth.zone, wss://relay.libernet.app, wss://relay.mostr.pub, wss://relay.mostro.network, wss://relay.nostr.place, wss://relay.nostrdice.com, wss://relay.notoshi.win, wss://relay.sigit.io, wss://relay02.lnfi.network, wss://relay2.angor.io, wss://schnorr.me, wss://slick.mjex.me, wss://social.amanah.eblessing.co, wss://staging.yabu.me, wss://strfry.openhoofd.nl, wss://strfry.shock.network, wss://testnet-relay.samt.st, wss://top.testrelay.top, wss://x.kojira.io, wss://yabu.me/v2
2026-08-28T16:12:58.171 +2030ms relay sockets @2000ms — 3/5 OPEN:
  OPEN       wss://social.amanah.eblessing.co
  OPEN       wss://relay-rpi.edufeed.org
  OPEN       wss://nostr.vulpem.com
  CLOSED     wss://hol.is
  CLOSED     wss://relay2.angor.io
2026-08-28T16:13:01.166 +5025ms relay sockets @5000ms — 3/5 OPEN:
  OPEN       wss://social.amanah.eblessing.co
  OPEN       wss://relay-rpi.edufeed.org
  OPEN       wss://nostr.vulpem.com
  CLOSED     wss://hol.is
  CLOSED     wss://relay2.angor.io
2026-08-28T16:13:04.167 +8025ms relay sockets @8000ms — 3/5 OPEN:
  OPEN       wss://social.amanah.eblessing.co
  OPEN       wss://relay-rpi.edufeed.org
  OPEN       wss://nostr.vulpem.com
  CONNECTING wss://hol.is
  CLOSED     wss://relay2.angor.io
--- result: FAIL ttc=nullms rtt=nullms reason=no-peer-joined ---

--- attempt 6/10 — roomId="spike-attempt-6" ---
2026-08-28T16:13:06.782 +0ms joinRoom({appId="wbx-m10-signaling-spike"}, roomId="spike-attempt-6") — calling…
2026-08-28T16:13:06.800 +19ms joinRoom returned — waiting for peer to appear on any relay…
2026-08-28T16:13:06.802 +21ms [trystero-nostr]   appId       = "wbx-m10-signaling-spike"
2026-08-28T16:13:06.801 +20ms [trystero-nostr] === CONNECTION STRING ===
2026-08-28T16:13:06.802 +21ms [trystero-nostr]   roomId      = "spike-attempt-6"
2026-08-28T16:13:06.803 +21ms [trystero-nostr]   topic (sha1) = 829e31f9aa2aea283c46af2e428f9542e3a9875f   <- BEIDE Seiten müssen denselben Topic haben
2026-08-28T16:13:06.803 +22ms [trystero-nostr]   selfId      = BUEvtxTaIobeAcA4DWJg
2026-08-28T16:13:06.803 +22ms [trystero-nostr] defaultRelayUrls (47): wss://basspistol.org, wss://bucket.coracle.social, wss://chorus.almostmachines.dev, wss://chorus.pjv.me, wss://communities.nos.social, wss://ftp.halifax.rwth-aachen.de/nostr, wss://hol.is, wss://hornetstorage.net/relay, wss://koru.bitcointxoko.org, wss://nos.lol, wss://nostr-01.uid.ovh, wss://nostr-01.yakihonne.com, wss://nostr-relay.corb.net, wss://nostr.data.haus, wss://nostr.islandarea.net, wss://nostr.sathoarder.com, wss://nostr.self-determined.de, wss://nostr.tegila.com.br, wss://nostr.vulpem.com, wss://purplerelay.com, wss://relay-can.zombi.cloudrodion.com, wss://relay-rpi.edufeed.org, wss://relay.agorist.space, wss://relay.angor.io, wss://relay.artio.inf.unibe.ch, wss://relay.binaryrobot.com, wss://relay.damus.io, wss://relay.froth.zone, wss://relay.libernet.app, wss://relay.mostr.pub, wss://relay.mostro.network, wss://relay.nostr.place, wss://relay.nostrdice.com, wss://relay.notoshi.win, wss://relay.sigit.io, wss://relay02.lnfi.network, wss://relay2.angor.io, wss://schnorr.me, wss://slick.mjex.me, wss://social.amanah.eblessing.co, wss://staging.yabu.me, wss://strfry.openhoofd.nl, wss://strfry.shock.network, wss://testnet-relay.samt.st, wss://top.testrelay.top, wss://x.kojira.io, wss://yabu.me/v2
2026-08-28T16:13:08.814 +2033ms relay sockets @2000ms — 3/5 OPEN:
  OPEN       wss://social.amanah.eblessing.co
  OPEN       wss://relay-rpi.edufeed.org
  OPEN       wss://nostr.vulpem.com
  CONNECTING wss://hol.is
  CLOSED     wss://relay2.angor.io
2026-08-28T16:13:11.808 +5026ms relay sockets @5000ms — 3/5 OPEN:
  OPEN       wss://social.amanah.eblessing.co
  OPEN       wss://relay-rpi.edufeed.org
  OPEN       wss://nostr.vulpem.com
  CONNECTING wss://hol.is
  CLOSED     wss://relay2.angor.io
2026-08-28T16:13:14.809 +8028ms relay sockets @8000ms — 3/5 OPEN:
  OPEN       wss://social.amanah.eblessing.co
  OPEN       wss://relay-rpi.edufeed.org
  OPEN       wss://nostr.vulpem.com
  CONNECTING wss://hol.is
  CLOSED     wss://relay2.angor.io
--- result: FAIL ttc=nullms rtt=nullms reason=no-peer-joined ---

--- attempt 7/10 — roomId="spike-attempt-7" ---
2026-08-28T16:13:17.430 +0ms joinRoom({appId="wbx-m10-signaling-spike"}, roomId="spike-attempt-7") — calling…
2026-08-28T16:13:17.447 +18ms joinRoom returned — waiting for peer to appear on any relay…
2026-08-28T16:13:17.448 +18ms [trystero-nostr] === CONNECTION STRING ===
2026-08-28T16:13:17.448 +19ms [trystero-nostr]   appId       = "wbx-m10-signaling-spike"
2026-08-28T16:13:17.449 +19ms [trystero-nostr]   roomId      = "spike-attempt-7"
2026-08-28T16:13:17.449 +20ms [trystero-nostr]   selfId      = BUEvtxTaIobeAcA4DWJg
2026-08-28T16:13:17.449 +19ms [trystero-nostr]   topic (sha1) = 12c78ccb91bf78f4a63db2d1cf220045d82bc740   <- BEIDE Seiten müssen denselben Topic haben
2026-08-28T16:13:17.449 +20ms [trystero-nostr] defaultRelayUrls (47): wss://basspistol.org, wss://bucket.coracle.social, wss://chorus.almostmachines.dev, wss://chorus.pjv.me, wss://communities.nos.social, wss://ftp.halifax.rwth-aachen.de/nostr, wss://hol.is, wss://hornetstorage.net/relay, wss://koru.bitcointxoko.org, wss://nos.lol, wss://nostr-01.uid.ovh, wss://nostr-01.yakihonne.com, wss://nostr-relay.corb.net, wss://nostr.data.haus, wss://nostr.islandarea.net, wss://nostr.sathoarder.com, wss://nostr.self-determined.de, wss://nostr.tegila.com.br, wss://nostr.vulpem.com, wss://purplerelay.com, wss://relay-can.zombi.cloudrodion.com, wss://relay-rpi.edufeed.org, wss://relay.agorist.space, wss://relay.angor.io, wss://relay.artio.inf.unibe.ch, wss://relay.binaryrobot.com, wss://relay.damus.io, wss://relay.froth.zone, wss://relay.libernet.app, wss://relay.mostr.pub, wss://relay.mostro.network, wss://relay.nostr.place, wss://relay.nostrdice.com, wss://relay.notoshi.win, wss://relay.sigit.io, wss://relay02.lnfi.network, wss://relay2.angor.io, wss://schnorr.me, wss://slick.mjex.me, wss://social.amanah.eblessing.co, wss://staging.yabu.me, wss://strfry.openhoofd.nl, wss://strfry.shock.network, wss://testnet-relay.samt.st, wss://top.testrelay.top, wss://x.kojira.io, wss://yabu.me/v2
2026-08-28T16:13:19.452 +2022ms relay sockets @2000ms — 3/5 OPEN:
  OPEN       wss://social.amanah.eblessing.co
  OPEN       wss://relay-rpi.edufeed.org
  OPEN       wss://nostr.vulpem.com
  CONNECTING wss://hol.is
  CLOSED     wss://relay2.angor.io
2026-08-28T16:13:22.451 +5022ms relay sockets @5000ms — 3/5 OPEN:
  OPEN       wss://social.amanah.eblessing.co
  OPEN       wss://relay-rpi.edufeed.org
  OPEN       wss://nostr.vulpem.com
  CLOSED     wss://hol.is
  CLOSED     wss://relay2.angor.io
2026-08-28T16:13:25.451 +8021ms relay sockets @8000ms — 3/5 OPEN:
  OPEN       wss://social.amanah.eblessing.co
  OPEN       wss://relay-rpi.edufeed.org
  OPEN       wss://nostr.vulpem.com
  CONNECTING wss://hol.is
  CLOSED     wss://relay2.angor.io
--- result: FAIL ttc=nullms rtt=nullms reason=no-peer-joined ---

--- attempt 8/10 — roomId="spike-attempt-8" ---
2026-08-28T16:13:28.076 +0ms joinRoom({appId="wbx-m10-signaling-spike"}, roomId="spike-attempt-8") — calling…
2026-08-28T16:13:28.093 +18ms joinRoom returned — waiting for peer to appear on any relay…
2026-08-28T16:13:28.094 +19ms [trystero-nostr] === CONNECTION STRING ===
2026-08-28T16:13:28.095 +19ms [trystero-nostr]   appId       = "wbx-m10-signaling-spike"
2026-08-28T16:13:28.095 +19ms [trystero-nostr]   roomId      = "spike-attempt-8"
2026-08-28T16:13:28.095 +20ms [trystero-nostr]   topic (sha1) = 85f72e33be6aab8d4e73682e15576769b4479f24   <- BEIDE Seiten müssen denselben Topic haben
2026-08-28T16:13:28.096 +20ms [trystero-nostr] defaultRelayUrls (47): wss://basspistol.org, wss://bucket.coracle.social, wss://chorus.almostmachines.dev, wss://chorus.pjv.me, wss://communities.nos.social, wss://ftp.halifax.rwth-aachen.de/nostr, wss://hol.is, wss://hornetstorage.net/relay, wss://koru.bitcointxoko.org, wss://nos.lol, wss://nostr-01.uid.ovh, wss://nostr-01.yakihonne.com, wss://nostr-relay.corb.net, wss://nostr.data.haus, wss://nostr.islandarea.net, wss://nostr.sathoarder.com, wss://nostr.self-determined.de, wss://nostr.tegila.com.br, wss://nostr.vulpem.com, wss://purplerelay.com, wss://relay-can.zombi.cloudrodion.com, wss://relay-rpi.edufeed.org, wss://relay.agorist.space, wss://relay.angor.io, wss://relay.artio.inf.unibe.ch, wss://relay.binaryrobot.com, wss://relay.damus.io, wss://relay.froth.zone, wss://relay.libernet.app, wss://relay.mostr.pub, wss://relay.mostro.network, wss://relay.nostr.place, wss://relay.nostrdice.com, wss://relay.notoshi.win, wss://relay.sigit.io, wss://relay02.lnfi.network, wss://relay2.angor.io, wss://schnorr.me, wss://slick.mjex.me, wss://social.amanah.eblessing.co, wss://staging.yabu.me, wss://strfry.openhoofd.nl, wss://strfry.shock.network, wss://testnet-relay.samt.st, wss://top.testrelay.top, wss://x.kojira.io, wss://yabu.me/v2
2026-08-28T16:13:28.096 +20ms [trystero-nostr]   selfId      = BUEvtxTaIobeAcA4DWJg
2026-08-28T16:13:30.110 +2034ms relay sockets @2000ms — 3/5 OPEN:
  OPEN       wss://social.amanah.eblessing.co
  OPEN       wss://relay-rpi.edufeed.org
  OPEN       wss://nostr.vulpem.com
  CONNECTING wss://hol.is
  CLOSED     wss://relay2.angor.io
2026-08-28T16:13:33.098 +5023ms relay sockets @5000ms — 3/5 OPEN:
  OPEN       wss://social.amanah.eblessing.co
  OPEN       wss://relay-rpi.edufeed.org
  OPEN       wss://nostr.vulpem.com
  CONNECTING wss://hol.is
  CLOSED     wss://relay2.angor.io
2026-08-28T16:13:36.108 +8033ms relay sockets @8000ms — 3/5 OPEN:
  OPEN       wss://social.amanah.eblessing.co
  OPEN       wss://relay-rpi.edufeed.org
  OPEN       wss://nostr.vulpem.com
  CONNECTING wss://hol.is
  CLOSED     wss://relay2.angor.io
--- result: FAIL ttc=nullms rtt=nullms reason=no-peer-joined ---

--- attempt 9/10 — roomId="spike-attempt-9" ---
2026-08-28T16:13:38.717 +0ms joinRoom({appId="wbx-m10-signaling-spike"}, roomId="spike-attempt-9") — calling…
2026-08-28T16:13:38.736 +20ms joinRoom returned — waiting for peer to appear on any relay…
2026-08-28T16:13:38.738 +21ms [trystero-nostr]   appId       = "wbx-m10-signaling-spike"
2026-08-28T16:13:38.738 +21ms [trystero-nostr] === CONNECTION STRING ===
2026-08-28T16:13:38.738 +22ms [trystero-nostr]   roomId      = "spike-attempt-9"
2026-08-28T16:13:38.739 +22ms [trystero-nostr] defaultRelayUrls (47): wss://basspistol.org, wss://bucket.coracle.social, wss://chorus.almostmachines.dev, wss://chorus.pjv.me, wss://communities.nos.social, wss://ftp.halifax.rwth-aachen.de/nostr, wss://hol.is, wss://hornetstorage.net/relay, wss://koru.bitcointxoko.org, wss://nos.lol, wss://nostr-01.uid.ovh, wss://nostr-01.yakihonne.com, wss://nostr-relay.corb.net, wss://nostr.data.haus, wss://nostr.islandarea.net, wss://nostr.sathoarder.com, wss://nostr.self-determined.de, wss://nostr.tegila.com.br, wss://nostr.vulpem.com, wss://purplerelay.com, wss://relay-can.zombi.cloudrodion.com, wss://relay-rpi.edufeed.org, wss://relay.agorist.space, wss://relay.angor.io, wss://relay.artio.inf.unibe.ch, wss://relay.binaryrobot.com, wss://relay.damus.io, wss://relay.froth.zone, wss://relay.libernet.app, wss://relay.mostr.pub, wss://relay.mostro.network, wss://relay.nostr.place, wss://relay.nostrdice.com, wss://relay.notoshi.win, wss://relay.sigit.io, wss://relay02.lnfi.network, wss://relay2.angor.io, wss://schnorr.me, wss://slick.mjex.me, wss://social.amanah.eblessing.co, wss://staging.yabu.me, wss://strfry.openhoofd.nl, wss://strfry.shock.network, wss://testnet-relay.samt.st, wss://top.testrelay.top, wss://x.kojira.io, wss://yabu.me/v2
2026-08-28T16:13:38.739 +22ms [trystero-nostr]   selfId      = BUEvtxTaIobeAcA4DWJg
2026-08-28T16:13:38.739 +22ms [trystero-nostr]   topic (sha1) = 3849015c655fb2d17ae0a42525a8bcc91f864b90   <- BEIDE Seiten müssen denselben Topic haben
2026-08-28T16:13:40.743 +2027ms relay sockets @2000ms — 3/5 OPEN:
  OPEN       wss://social.amanah.eblessing.co
  OPEN       wss://relay-rpi.edufeed.org
  OPEN       wss://nostr.vulpem.com
  CONNECTING wss://hol.is
  CLOSED     wss://relay2.angor.io
2026-08-28T16:13:43.752 +5035ms relay sockets @5000ms — 3/5 OPEN:
  OPEN       wss://social.amanah.eblessing.co
  OPEN       wss://relay-rpi.edufeed.org
  OPEN       wss://nostr.vulpem.com
  CONNECTING wss://hol.is
  CLOSED     wss://relay2.angor.io
2026-08-28T16:13:46.743 +8026ms relay sockets @8000ms — 3/5 OPEN:
  OPEN       wss://social.amanah.eblessing.co
  OPEN       wss://relay-rpi.edufeed.org
  OPEN       wss://nostr.vulpem.com
  CLOSED     wss://hol.is
  CLOSED     wss://relay2.angor.io
--- result: FAIL ttc=nullms rtt=nullms reason=no-peer-joined ---

--- attempt 10/10 — roomId="spike-attempt-10" ---
2026-08-28T16:13:49.360 +0ms joinRoom({appId="wbx-m10-signaling-spike"}, roomId="spike-attempt-10") — calling…
2026-08-28T16:13:49.379 +19ms joinRoom returned — waiting for peer to appear on any relay…
2026-08-28T16:13:49.380 +20ms [trystero-nostr]   appId       = "wbx-m10-signaling-spike"
2026-08-28T16:13:49.379 +20ms [trystero-nostr] === CONNECTION STRING ===
2026-08-28T16:13:49.380 +20ms [trystero-nostr]   roomId      = "spike-attempt-10"
2026-08-28T16:13:49.380 +21ms [trystero-nostr] defaultRelayUrls (47): wss://basspistol.org, wss://bucket.coracle.social, wss://chorus.almostmachines.dev, wss://chorus.pjv.me, wss://communities.nos.social, wss://ftp.halifax.rwth-aachen.de/nostr, wss://hol.is, wss://hornetstorage.net/relay, wss://koru.bitcointxoko.org, wss://nos.lol, wss://nostr-01.uid.ovh, wss://nostr-01.yakihonne.com, wss://nostr-relay.corb.net, wss://nostr.data.haus, wss://nostr.islandarea.net, wss://nostr.sathoarder.com, wss://nostr.self-determined.de, wss://nostr.tegila.com.br, wss://nostr.vulpem.com, wss://purplerelay.com, wss://relay-can.zombi.cloudrodion.com, wss://relay-rpi.edufeed.org, wss://relay.agorist.space, wss://relay.angor.io, wss://relay.artio.inf.unibe.ch, wss://relay.binaryrobot.com, wss://relay.damus.io, wss://relay.froth.zone, wss://relay.libernet.app, wss://relay.mostr.pub, wss://relay.mostro.network, wss://relay.nostr.place, wss://relay.nostrdice.com, wss://relay.notoshi.win, wss://relay.sigit.io, wss://relay02.lnfi.network, wss://relay2.angor.io, wss://schnorr.me, wss://slick.mjex.me, wss://social.amanah.eblessing.co, wss://staging.yabu.me, wss://strfry.openhoofd.nl, wss://strfry.shock.network, wss://testnet-relay.samt.st, wss://top.testrelay.top, wss://x.kojira.io, wss://yabu.me/v2
2026-08-28T16:13:49.380 +21ms [trystero-nostr]   selfId      = BUEvtxTaIobeAcA4DWJg
2026-08-28T16:13:49.380 +20ms [trystero-nostr]   topic (sha1) = 00d08433ae382d992c29186510d7852e2b4cae83   <- BEIDE Seiten müssen denselben Topic haben
2026-08-28T16:13:51.392 +2032ms relay sockets @2000ms — 3/5 OPEN:
  OPEN       wss://social.amanah.eblessing.co
  OPEN       wss://relay-rpi.edufeed.org
  OPEN       wss://nostr.vulpem.com
  CLOSED     wss://hol.is
  CLOSED     wss://relay2.angor.io
2026-08-28T16:13:54.387 +5027ms relay sockets @5000ms — 3/5 OPEN:
  OPEN       wss://social.amanah.eblessing.co
  OPEN       wss://relay-rpi.edufeed.org
  OPEN       wss://nostr.vulpem.com
  CLOSED     wss://hol.is
  CLOSED     wss://relay2.angor.io
2026-08-28T16:13:57.389 +8029ms relay sockets @8000ms — 3/5 OPEN:
  OPEN       wss://social.amanah.eblessing.co
  OPEN       wss://relay-rpi.edufeed.org
  OPEN       wss://nostr.vulpem.com
  CLOSED     wss://hol.is
  CLOSED     wss://relay2.angor.io
--- result: FAIL ttc=nullms rtt=nullms reason=no-peer-joined ---
